---
http_interactions:
- request:
    method: get
    uri: https://graph.facebook.com/me/feed?access_token=<FACEBOOK_PAGE_1_ACCCESS_TOKEN>&fields=id,from,to,message,created_time,permalink_url,comments%7Bid,from,to,message,created_time%7D
    body:
      encoding: US-ASCII
      string: ''
    headers:
      User-Agent:
      - Faraday v2.7.4
      Accept-Encoding:
      - gzip;q=1.0,deflate;q=0.6,identity;q=0.3
      Accept:
      - "*/*"
  response:
    status:
      code: 200
      message: OK
    headers:
      Etag:
      - '"793853320b2b154f268c37c493d1d9e9e26e2911"'
      Content-Type:
      - application/json; charset=UTF-8
      Vary:
      - Accept-Encoding
      - Origin
      X-Business-Use-Case-Usage:
      - '{"<FACEBOOK_PAGE_1_ID>":[{"type":"pages","call_count":1,"total_cputime":1,"total_time":1,"estimated_time_to_regain_access":0}]}'
      X-Fb-Rlafr:
      - '0'
      Access-Control-Allow-Origin:
      - "*"
      Facebook-Api-Version:
      - v16.0
      Strict-Transport-Security:
      - max-age=15552000; preload
      Pragma:
      - no-cache
      Cache-Control:
      - private, no-cache, no-store, must-revalidate
      Expires:
      - Sat, 01 Jan 2000 00:00:00 GMT
      X-Fb-Request-Id:
      - AnA6GGMd4aouptgxn5IEbxV
      X-Fb-Trace-Id:
      - A48iwNpY3D5
      X-Fb-Rev:
      - '1007441393'
      X-Fb-Debug:
      - qmzYnIOPfAw1aWHqPURNxiVdzdEXeOx5+M9wTTx472q1pUcHJwiouAUjZokSy3pJCMIis8QkrLjlJDqxmWpWzw==
      Date:
      - Fri, 05 May 2023 12:07:50 GMT
      Alt-Svc:
      - h3=":443"; ma=86400
      Connection:
      - keep-alive
      Content-Length:
      - '1990'
    body:
      encoding: ASCII-8BIT
      string: '{"data":[{"id":"<FACEBOOK_PAGE_1_ID>_113745408378381","from":{"name":"<FACEBOOK_PAGE_1_NAME>","id":"<FACEBOOK_PAGE_1_ID>"},"message":"<FACEBOOK_PAGE_1_POST_MESSAGE>","created_time":"2023-05-04T13:01:24+0000","permalink_url":"https:\/\/www.facebook.com\/113763278376594\/posts\/113745408378381","comments":{"data":[{"id":"113745408378381_173903265607106","from":{"name":"<FACEBOOK_ADMIN_FIRSTNAME>
        <FACEBOOK_ADMIN_LASTNAME>","id":"6019050768207716"},"message":"Consectetur
        adipiscing elit.","created_time":"2023-05-05T12:03:30+0000"}]}}],"paging":{"cursors":{"before":"QVFIUlBHcHdGcFJ5cFE3a2QwTmhjQktsYllKamJJTF9WVmh3X2JFV2gxNXphcmRnX0o1ZAE1tQmpxbE16aC1TY1lXZA0xFSVh0aGRPOFRraUxpbjJSNVlud1lMV3JTWVJwUFl3SkJ3aHVTVlV5SGFLcnNPM0U5UW5WVnJVa0tLMnNDZAG9IWDNpTlB1M3lqejc0dGpnU0tLMTZAmTldaNjJ0RlVGc3ZATdGdmaEJ0OUViQkhIT0RBSG5SbHFSaHEzcjV0cmdmLXVsb3VOSGhwUWlQYTVXNmVXUVdfdzFMaUVwM1NFMWpmR3BiV0VNOXhwdHkzWE9EeWFWVzBvbUZArQmc2TzIyc0pQUFhaeFZAVU2hkS0I2UVZAtdkpsUGVQOGRHSXA0azlUVDIzX0ZAmNUpTMGFQUTZApVTItbVkycFdPR3ZAITkxXRjM5SEJyQk5tQ3owcUxnQ1FpSnRVS3NFbEQ4WlRCUEZA2eG9NelVwTmZANTVowbmlNMFN3SkJvMkxTRHZAZAbmk4TEI5ZAVBtMTZAxSk5VWDNlUkkxdFJOSmRKSV9aYzI5UEV1bVhkQWlrdGR6X2JtazZAOdUFMM3phX1FfNUMzTFZAqRXdsczM3UFh4Tk9TRGJ5RmxOb1U4eFJ1TWNxYUFQcnlOV1FQZAExPX3FvVHR5MXpUejRRcldyM1k2eHBIay1UTTk3ZADRkb2J5Ty02R0YzRUJBWEdwX2JnaU03QQZDZD","after":"QVFIUjBLVExLMGJvUGxxSGNvcnhRdXBLMm9TS0xPS0RnMUpjYU5vOGNza3dQWmtpekpsRE41TU1mNkJXV2ozcklWNU9iVFZAHb0ZAHSkxLMW45b1R1VDV0ODFGYkFwWHU0M0lJRUdHdDFiVGdyOE5iVC13a084WWg0a25ka19VQjJtbk9zdzFtYnpsYVRldjVmM2k1S3ZAqbzdUVHNWMF9NRlo0VGlKS21HeEs4YlBpOGYxMnpvc3NRTXRPRGFVMUliaFZAVeHlIYUVFUUNfRlU5SUlvS1hCSTNGZAGdGMTlsMDNwUGRoQUlJNldwR3NHeHQ5NzM5Q25YLVdaTThtNFBuVV9USmpIWkFUNW1NVXF4Q3JjOGtDZAktkYjJCREk3YUN2TzFuU0Q1SEQ5Q0NtVnVPYXN6RlZAIWk5ncXgyRnp6bkdnQktrWWQ0dEtmLWFoMVc0NXgtWHMtQ1YwRnVUdWJVNGwySDBrazJpOXE3VnJsdURPNW9lLW1aSzlnem5iSFdoMXN4V2hma1RPOVNUeHZA2SncwWTVUVjlVaXdrWTF0UUtMa1ZANTXI3empUQnU1M044TmpONXJPSXdOcTI1MzZAXT2J2RHc5dERfY3U0bEs1Ti1oSGpXQW5zVUxFRGdqUGtrWnVza2R2ZAHRsSTlGcWdDaUpjSW0xU3lhOE1CR0FnMkpfaUZACb0xTWFJPMWx3RUNybHNhNDZArZADBmQQZDZD"}}}'
  recorded_at: Fri, 05 May 2023 12:07:50 GMT
- request:
    method: get
    uri: https://graph.facebook.com/<FACEBOOK_PAGE_1_ID>?access_token=<FACEBOOK_PAGE_1_ACCCESS_TOKEN>&fields=first_name,last_name,email
    body:
      encoding: US-ASCII
      string: ''
    headers:
      User-Agent:
      - Faraday v2.7.4
      Accept-Encoding:
      - gzip;q=1.0,deflate;q=0.6,identity;q=0.3
      Accept:
      - "*/*"
  response:
    status:
      code: 400
      message: Bad Request
    headers:
      Vary:
      - Origin
      Cross-Origin-Resource-Policy:
      - cross-origin
      X-App-Usage:
      - '{"call_count":1,"total_cputime":0,"total_time":0}'
      X-Fb-Rlafr:
      - '0'
      Content-Type:
      - application/json; charset=UTF-8
      Www-Authenticate:
      - OAuth "Facebook Platform" "invalid_request" "(#100) Tried accessing nonexisting
        field (first_name) on node type (Page)"
      Access-Control-Allow-Origin:
      - "*"
      Facebook-Api-Version:
      - v16.0
      Strict-Transport-Security:
      - max-age=15552000; preload
      Pragma:
      - no-cache
      Cache-Control:
      - no-store
      Expires:
      - Sat, 01 Jan 2000 00:00:00 GMT
      X-Fb-Request-Id:
      - A-17YPjMs8sIOj4YDtHUWG9
      X-Fb-Trace-Id:
      - BYq7kE2QzaR
      X-Fb-Rev:
      - '1007441393'
      X-Fb-Debug:
      - whToP2ssb4uaSgS0QXBi5LCZxItDCPHN/xIGLzlafHtzwOIXhfDnFxmT6DzI5E85JzQb++n6M160m7jSnGf9+A==
      Date:
      - Fri, 05 May 2023 12:07:50 GMT
      Alt-Svc:
      - h3=":443"; ma=86400
      Connection:
      - keep-alive
      Content-Length:
      - '171'
    body:
      encoding: UTF-8
      string: '{"error":{"message":"(#100) Tried accessing nonexisting field (first_name)
        on node type (Page)","type":"OAuthException","code":100,"fbtrace_id":"A-17YPjMs8sIOj4YDtHUWG9"}}'
  recorded_at: Fri, 05 May 2023 12:07:50 GMT
- request:
    method: get
    uri: https://graph.facebook.com/<FACEBOOK_PAGE_1_ID>?access_token=<FACEBOOK_PAGE_1_ACCCESS_TOKEN>&fields=name
    body:
      encoding: US-ASCII
      string: ''
    headers:
      User-Agent:
      - Faraday v2.7.4
      Accept-Encoding:
      - gzip;q=1.0,deflate;q=0.6,identity;q=0.3
      Accept:
      - "*/*"
  response:
    status:
      code: 200
      message: OK
    headers:
      Etag:
      - '"490d75cfcb87d779ff43b31ba6fb8410483c4b3c"'
      Content-Type:
      - application/json; charset=UTF-8
      Vary:
      - Origin
      X-Business-Use-Case-Usage:
      - '{"<FACEBOOK_PAGE_1_ID>":[{"type":"pages","call_count":1,"total_cputime":1,"total_time":1,"estimated_time_to_regain_access":0}]}'
      X-Fb-Rlafr:
      - '0'
      Access-Control-Allow-Origin:
      - "*"
      Facebook-Api-Version:
      - v16.0
      Strict-Transport-Security:
      - max-age=15552000; preload
      Pragma:
      - no-cache
      Cache-Control:
      - private, no-cache, no-store, must-revalidate
      Expires:
      - Sat, 01 Jan 2000 00:00:00 GMT
      X-Fb-Request-Id:
      - Ay4zeygbaOYeQo6JYa0wd9f
      X-Fb-Trace-Id:
      - AyE+Ni6guu/
      X-Fb-Rev:
      - '1007441393'
      X-Fb-Debug:
      - dO13xhvlu6h8JW7enbwCNV9rVLMdBhfzqZeo/LUCfYGok+m40lznJ1tvaN+k0ow4Wty0hOUUSNQt4IV+GwiR0Q==
      Date:
      - Fri, 05 May 2023 12:07:50 GMT
      Alt-Svc:
      - h3=":443"; ma=86400
      Connection:
      - keep-alive
      Content-Length:
      - '37'
    body:
      encoding: UTF-8
      string: '{"name":"<FACEBOOK_PAGE_1_NAME>","id":"<FACEBOOK_PAGE_1_ID>"}'
  recorded_at: Fri, 05 May 2023 12:07:50 GMT
- request:
    method: get
    uri: https://graph.facebook.com/<FACEBOOK_PAGE_1_ID>/picture?type=large
    body:
      encoding: US-ASCII
      string: ''
    headers:
      Accept-Encoding:
      - gzip;q=1.0,deflate;q=0.6,identity;q=0.3
      Accept:
      - "*/*"
      User-Agent:
      - Zammad User Agent
      Host:
      - graph.facebook.com
  response:
    status:
      code: 302
      message: Found
    headers:
      X-Fb-Rlafr:
      - '0'
      Location:
      - https://scontent-lhr8-1.xx.fbcdn.net/v/t39.30808-1/344829966_1221981612013330_8354171219719494060_n.png?stp=dst-png_p200x200&_nc_cat=109&ccb=1-7&_nc_sid=dbb9e7&_nc_ohc=mSIFGV4dPSIAX_kYzdM&_nc_ht=scontent-lhr8-1.xx&edm=AOf6bZoEAAAA&oh=00_AfAJT_pw8htCaBP9CsNZYgxU1_LSiW7XjqziTyGKGe8OJA&oe=6458EB65
      Content-Type:
      - image/jpeg
      Access-Control-Allow-Origin:
      - "*"
      Facebook-Api-Version:
      - v10.0
      Strict-Transport-Security:
      - max-age=15552000; preload
      Pragma:
      - no-cache
      Cache-Control:
      - private, no-cache, no-store, must-revalidate
      Expires:
      - Sat, 01 Jan 2000 00:00:00 GMT
      X-Fb-Request-Id:
      - AbGDVbZkm0SGW1c72GHj_g6
      X-Fb-Trace-Id:
      - A1L1w/byQSD
      X-Fb-Rev:
      - '1007441393'
      X-Fb-Debug:
      - Fy3OQimEcD4zUR0etADOuIMjDLx9RNZFTuW3yDiIG2Daq3Lm14Xy5I68KeqVC5DXtxxVM8zIR4kywb0Y9IjXsw==
      Date:
      - Fri, 05 May 2023 12:07:50 GMT
      Alt-Svc:
      - h3=":443"; ma=86400
      Connection:
      - keep-alive
      Content-Length:
      - '0'
    body:
      encoding: UTF-8
      string: ''
  recorded_at: Fri, 05 May 2023 12:07:50 GMT
- request:
    method: get
    uri: https://scontent-lhr8-1.xx.fbcdn.net/v/t39.30808-1/344829966_1221981612013330_8354171219719494060_n.png?_nc_cat=109&_nc_ht=scontent-lhr8-1.xx&_nc_ohc=mSIFGV4dPSIAX_kYzdM&_nc_sid=dbb9e7&ccb=1-7&edm=AOf6bZoEAAAA&oe=6458EB65&oh=00_AfAJT_pw8htCaBP9CsNZYgxU1_LSiW7XjqziTyGKGe8OJA&stp=dst-png_p200x200
    body:
      encoding: US-ASCII
      string: ''
    headers:
      Accept-Encoding:
      - gzip;q=1.0,deflate;q=0.6,identity;q=0.3
      Accept:
      - "*/*"
      User-Agent:
      - Zammad User Agent
      Host:
      - scontent-lhr8-1.xx.fbcdn.net
  response:
    status:
      code: 200
      message: OK
    headers:
      X-Storage-Error-Category:
      - dfs:none;sc_p:200:WSE_NOT_SET
      Last-Modified:
      - Thu, 04 May 2023 10:26:49 GMT
      X-Needle-Checksum:
      - '2133444885'
      Content-Type:
      - image/png
      Content-Digest:
      - adler32=2018415679
      Timing-Allow-Origin:
      - "*"
      Cross-Origin-Resource-Policy:
      - cross-origin
      Access-Control-Allow-Origin:
      - "*"
      Cache-Control:
      - max-age=1209600, no-transform
      Accept-Ranges:
      - bytes
      X-Fb-Trip-Id:
      - '1679558926'
      Date:
      - Fri, 05 May 2023 12:07:50 GMT
      Alt-Svc:
      - h3=":443"; ma=86400
      Connection:
      - keep-alive
      Content-Length:
      - '3567'
    body:
      encoding: ASCII-8BIT
      string: !binary |-
        iVBORw0KGgoAAAANSUhEUgAAAMgAAADICAIAAAAiOjnJAAAAAXNSR0IB2cksfwAADalJREFUeJztnUl3G8cRgKuXAfd9wU6RlC3beX5xTvml/h2555JjjnnOIXnPjrhg34iVJAhguqdzaJBabMvTJErCzNT3dBSHA+FTV3d1dTX76cefgSAWDf/SL0DEExKLQIHEIlAgsQgUSCwCBRKLQIHEIlAgsQgUSCwCBRKLQIHEIlAgsQgUSCwCBRKLQIHEIlAgsQgUSCwCBRKLQIHEIlAgsQgUSCwCBRKLQIHEIlAgsQgUSCwCBRKLQIHEIlAgsQgUSCwCBRKLQIHEIlAgsQgUSCwCBRKLQIHEIlAgsQgUSCwCBRKLQIHEIlAgsQgUSCwCBRKLQIHEIlAgsQgUSCwCBRKLQIHEIlAgsQgUSCwCBRKLQIHEIlAgsQgUSCwCBRKLQIHEIlAgsQgUSCwCBfmlX2BZMMYs6lGMsUU9KrqQWGBVSHneQh5ljPGVWsijIk3SxTLGSCn7w9E///Vvzl80MWAAvtLpw/2//vC9Uirh41bixQKQQvzvuvyfXy5WV1deGBCDwNRa7T99db6xvqaDIMlmJV0sztjM968q9fX1NU/KF4rFGXuYTkv1xg/fvlHTaZIHrUSvCo0xnpTNm26n35ecB0FgXkZgDABclqsJH64SLxYA5/yyXF3UlMgY40mv3r7pD0dSigWuNCNHosUSnD9MJtfVuhRyUQoIzh4mk1KtscBnRpHkimXjYL3V6S10dLGj4EW5qrROcjRMsFgAjMFFuRoEZoEGWF9bN91uf/Dy1UB0Sa5YkvPb+3Gp3vCkDGCRXz9nbDqbXVXrQoiEapVYsQJjpJTVRnt0dy8EX6hXYAAEF1eV2kz5PKkZh4SKZb/tt6UKxsONMVKKdrfX6fYTuzZMqFhSiMHtba3VQpoGccZ8pS4rNcETGg2TKJaNg6Va4278IF62P/h7GAAhxHW1Pp3NkhkNkygWA9BaX5SqnHGk4cQY4wnR7Q+anW4y14aJE8uWM3QHw0bnxvPcvnKnv8wYU1pfVqqcY+m7zCRPLAApxFW1PplOwwcpm/Z0GnsMGCnkda0xnkyQAu4yk7wPPJ9WV0XogYQxNpv5xUz6m/PTqe+H3FU0BqQU/eGo0e4kMBomS6ynREC725Ohv2wGYExwVsy9OTth4DATZwBBEFyUa4wtNlMWARImFoDg4rJc830VPg5qY9ZWV7PHR4d7u3vbW0rr0IOW8aQs1xGXn0tLwj4tY5Pp9KpaC7/ZwhhTSmWPDne2NldSqUIurVTY3WWbdBje3tWa7aRFwwSJNS/r69x0B8PwX7MNZ2fFvBQiMOa8kOeMhRfEKnhRrj7/vaNJksR6LGjRLgUtOgjWV1df5TJaa6119vhwe2sj/BNsMrbSaM03JRNDgj6q4Px+/HBdazgMV4wppTNHB7s720prHQQb62uFzLGvwk6zbBnF3f240mh6UgaJiYZJEcvGwWqrPRzdOUywAAITnJ8U3uUmDJwWck6rPAMACIVfS05SxLJclCoGHL5dHQTra2vFbMYWxXPGlFL59PH25obWQciHPJWqDm5vZWIqtJIilhBidHdfabRk6HjEGPOVyh0fzlMMAACggmBzfT2fPlbKIWEhOL9/eCjVmuGTZ1EnEWIF83xS83Y8lqHzSQzAGHNWzP96s++0kAPHaMgZv3RcN0SaRIj1mAGvMHCwwU7VT7IZX6mnhDtnTGmVTx9vrq/rwCUaerLRuekNRwkZtOIv1tOeXb3lsGf3GAePdrY2tdbvBz2tg+3N9Xz6yOk0os3NXlfrCZlmJUCseZVB3anKgAGAgfNinvOP06EGgDF2Wsg95T/DvQZwzi8rNafJWXSJv1gMQGl1UXari7JxsJjN+Ep/tPHMGfOVLmTStvNHyAc+HQvr9AZSxL8QPuZi2a+z0xs0b3qucTCfPtqxSfZfjS9a6+3NjezRke8YDWe+77RTGV3iLhaAEOKqUpu51p4bOD8psN/ZFrRx7ayQM8YtGs6PhfnxPxYWc7E4Y7PZ7LLiNkjoINjcWC9k0r7S/LfMYQx8pYrZ9MbaqlM0lFJ0+oOWy/AZUeIs1mOXot5Nr++FntZ8mF7XvzkiMWBa652tzezxoWs0VEoloRA+1mK935/DpbwdAM5P8p9OetmHnxZyxjjsEdmK+1LNreI+isRZLMHZeDK5rrl1KdI62NrYKGSO/U/mBRiAUqqYTa87R0PZHYwanZt4R8PYijXvgdbqOPVAs/Wihczx1sbGp3Wxp7t2t7czh4fKpYrGnmq8LNfiHQ3jKxaALd10LlZhcFbMQ4jNHwMgOD8tZAPj0BjSwPwc9vghzoXwsf1gkvO78bhcb3pShC+vswmqQiZU8YJNvRZzmbXVVR2EPm9onjpHxPlYWDzFCoyRni0IvhNChPypp5T65sa6CjFtsvWle9vb6cN9pR3WhgwgCIwthI+nVnEVy1a8XJQqrtt5jMH5SR5Cpz3tKu80nwtc2iQHxnhSVBrNO5cynmgRw081P3Q1uqs22w5l5gxsasoW8YUcfhiA0vokl1ldWXGqZ7eFh9VGW3rxLISPo1jGeFKWao17l9kxB+YrVcikN9bWlA4MgDF//AcYU0rt7WwfHew5ZUrfHQuLoVQQz5sp5l2KyhWnLkU24fn1aZFzLgR3SKgas5pKvS4WKvVm+EJCW9RabbaGt3exvB8lbmK916Wo69SlyK4HtzY2+sNRYILwPRqMMZPp7GBvZyWVcouGj+vWP3/7dfzuR4mdWPMuRbXJdLrmMu/hnE9ns7/9/R8GDANmHEIUAzAMGGPMrdsWAGPsolz9/s3rWDkFEEOxOGO+71+Wn9P8MwiM1v6zf7XrkGPngo12pz8c7WxvOqXvl59YTd5tHGz3bJei51RpshfwjBcWnI8nk+s43o8SL7EABOcX5dqn94+Xh8dC+BgeC4uVWJE7CfPYAKd70x/E7FhYfMSy5QyNzk23P4zQl2TvR7muReY/Q0hiJBYA5+yiVNVBlMKKDd+X0QnfIYmPWDYtVKo3IjRcvbfg6MfsfpSYiGUT2bVmezCKXkeXeYokXvejxESsSG+9zc+oVWtxuh8lJmIJwUd3d5VGSzpeNrEMPN2P0rqJz/0ocRArMMaTXrke4fKmx/tR4lMIH8mv4SNsl6K3pSqAQz/jpcIASCGvq42HyUTwOETDyItljxf3hqN6u+N66dIL93AWuMNjP0V/OIzNsbDIb0I//l+vP0wmTuUMdqjzlQpCnwoMj+DcdXHKAHQQXJSr58WCcamoXk4iLxYDprS6dOxSNL96yfe/e3361auTmfJ/s0fDMwgAVqT878XV21Il5Xnhx54AwJOyXGvejcdOP7icRFssu9fW7vWbz1hPGSM4/8t33xRzmVnoO73++KmBWUmlUp53UXK8jcIYYY+FNTtvzk6ms1mkq2giLhaAEOKyXJ35vlMctB2wjvf393d3bu/HTod5/vCVZr5/dLh/sLfTG7jtWjIAY+CyUnlzdhL1aBjtybvdwb2q1l1bmdm6+NNCdiWVss9ZFPamnbWVlVf5rHIshrH7B5VG6/b+Xkb8fpQIv/1T88WbXt9z3GULjPE876yQx9ixtumP82I+fE/5J6Tgt/fjSqMV9ftRoizW+12KnO6nZEwpfbS/e7i/i1EQPI+zB/uHe7tOHZQ+aDnh0h1pCYmwWPO63qpzXS8D0IE+y+dSnoc0KgTGrKRSZ4Wca2mome+md4ajOylEFLc+LVEV6+mCmv7IoUuRJTAm5Xmn7t96eObuFvPPcFdwfv8wr/8JImtWZMUCAIC3pYpT04SnDlhHB3vPiFOOv0Uf7e8eHew53TPwwf0okapY/IioiiW5neQ2Pek2JNgE91kh76HFQYvdGj8v5F1PORtjpCcbnW5v4DwYLw+RFMt2Kao2n3NtaWDMSso7zWexD8Y8ZjRyriekAUAw9jCZlKJ8LCySYtkuRW8duxS9nxdFjYPvfpdWB3u7mcMDp34hHyx4HX9weYieWMYYIcRwdFtz6lIE8JRhOn1WhukZ2OZ9Zyd514ngfKuq273pD8I3El8qIigWgCflda3p1KXIYrMAnyEOWmwvydN81qmXpIUzNp35z9hUWBKiJ5adfV9WqoJzp3IqzrlSOn14cLC76yPHwfmr2l6SOzvZo0OlFecOW0fAmBTiulqP6LGwiG1CP8aIXrneNACzmUMPD8bYdDY7K+SkFP70M81d7LHB85P8L9clzrhbUGNQa3Xq7U4xk15g/cXnIWJi2X5D3f5gb2d7NeU5hhdjb91VWn22r8guF17lsqeFXKADcJGDM5jM/N5geJLNYL4jCuynH3/+0u/wHDjn4HT11mNDKmPM558Lz6Pbs14Yo8D1MxC9Ecsy/+d2NeQLLa/e2RyRF3450Zu8E5GAxCJQILEIFEgsAgUSi0CBxCJQILEIFEgsAgUSi0CBxCJQILEIFEgsAgUSi0CBxCJQILEIFEgsAgUSi0CBxCJQILEIFEgsAgUSi0CBxCJQILEIFEgsAgUSi0CBxCJQILEIFEgsAgUSi0CBxCJQILEIFEgsAgUSi0CBxCJQILEIFEgsAgUSi0CBxCJQILEIFEgsAgUSi0CBxCJQILEIFEgsAgUSi0CBxCJQILEIFEgsAgUSi0CBxCJQILEIFEgsAgUSi0CBxCJQILEIFEgsAgUSi0CBxCJQILEIFEgsAoX/A/bKthuXhMbmAAAAAElFTkSuQmCC
  recorded_at: Fri, 05 May 2023 12:07:50 GMT
recorded_with: VCR 6.1.0
