---
http_interactions:
- request:
    method: post
    uri: https://graph.facebook.com/oauth/access_token
    body:
      encoding: UTF-8
      string: client_id=<FACEBOOK_APPLICATION_ID>&client_secret=<FACEBOOK_APPLICATION_SECRET>&grant_type=client_credentials
    headers:
      User-Agent:
      - Faraday v2.7.4
      Content-Type:
      - application/x-www-form-urlencoded
      Accept-Encoding:
      - gzip;q=1.0,deflate;q=0.6,identity;q=0.3
      Accept:
      - "*/*"
  response:
    status:
      code: 200
      message: OK
    headers:
      Content-Type:
      - application/json; charset=UTF-8
      Facebook-Api-Version:
      - v10.0
      Access-Control-Allow-Origin:
      - "*"
      Strict-Transport-Security:
      - max-age=15552000; preload
      Pragma:
      - no-cache
      Cache-Control:
      - private, no-cache, no-store, must-revalidate
      Expires:
      - Sat, 01 Jan 2000 00:00:00 GMT
      X-Fb-Request-Id:
      - At-giy-FiYKho2gst4jhihk
      X-Fb-Trace-Id:
      - Bn3uTRbo4ju
      X-Fb-Rev:
      - '1007441695'
      X-Fb-Debug:
      - 2EnLba/CNPSNYowbHPrmgO9kvYEIETJ59xIVSQNgFMGvPwpFu1lHZnLlRVMqBYTSgwEBrdWnQI1r+X4/RacH6A==
      Date:
      - Fri, 05 May 2023 13:38:45 GMT
      Alt-Svc:
      - h3=":443"; ma=86400
      Connection:
      - keep-alive
      Content-Length:
      - '84'
    body:
      encoding: UTF-8
      string: '{"access_token":"<FACEBOOK_APPLICATION_ID>|AGsZnwRDpZsM0QV3mbNnsNP97xo","token_type":"bearer"}'
  recorded_at: Fri, 05 May 2023 13:38:45 GMT
recorded_with: VCR 6.1.0
